mode: count
github.com/91go/gobase/gobase/test/live.go:21.59,22.53 1 4
github.com/91go/gobase/gobase/test/live.go:25.2,25.48 1 3
github.com/91go/gobase/gobase/test/live.go:28.2,28.45 1 2
github.com/91go/gobase/gobase/test/live.go:31.2,31.12 1 1
github.com/91go/gobase/gobase/test/live.go:22.53,24.3 1 1
github.com/91go/gobase/gobase/test/live.go:25.48,27.3 1 1
github.com/91go/gobase/gobase/test/live.go:28.45,30.3 1 1
github.com/91go/gobase/gobase/test/live.go:35.51,36.24 1 0
github.com/91go/gobase/gobase/test/live.go:39.2,40.12 2 0
github.com/91go/gobase/gobase/test/live.go:36.24,38.3 1 0
github.com/91go/gobase/gobase/test/live.go:44.46,45.24 1 0
github.com/91go/gobase/gobase/test/live.go:48.2,49.12 2 0
github.com/91go/gobase/gobase/test/live.go:45.24,47.3 1 0
github.com/91go/gobase/gobase/test/live.go:53.43,54.24 1 0
github.com/91go/gobase/gobase/test/live.go:57.2,58.12 2 0
github.com/91go/gobase/gobase/test/live.go:54.24,56.3 1 0
